// Jest Snapshot v1, https://goo.gl/fbAQLP

exports[`renders withActivePlayer 1`] = `<div />`;
