// Jest Snapshot v1, https://goo.gl/fbAQLP

exports[`renders withFilmReviewTabs 1`] = `<div />`;
