// Jest Snapshot v1, https://goo.gl/fbAQLP

exports[`renders withReviewForm 1`] = `<div />`;
