// Jest Snapshot v1, https://goo.gl/fbAQLP

exports[`App render renders App component 1`] = `
<div>
  Loading...
</div>
`;
